
*** Running vivado
    with args -log soc_top.vdi -applog -m64 -product Vivado -messageDb vivado.pb -mode batch -source soc_top.tcl -notrace



****** Vivado v2025.1 (64-bit)
  **** SW Build 6140274 on Thu May 22 00:12:29 MDT 2025
  **** IP Build 6138677 on Thu May 22 03:10:11 MDT 2025
  **** SharedData Build 6139179 on Tue May 20 17:58:58 MDT 2025
  **** Start of session at: Wed Dec 31 10:53:20 2025
    ** Copyright 1986-2022 Xilinx, Inc. All Rights Reserved.
    ** Copyright 2022-2025 Advanced Micro Devices, Inc. All Rights Reserved.

source soc_top.tcl -notrace
create_project: Time (s): cpu = 00:00:08 ; elapsed = 00:00:06 . Memory (MB): peak = 493.391 ; gain = 212.074
Command: link_design -top soc_top -part xc7a100tcsg324-1
Design is defaulting to srcset: sources_1
Design is defaulting to constrset: constrs_1
INFO: [Device 21-403] Loading part xc7a100tcsg324-1
INFO: [Project 1-5699] Read binary netlist with skipMacroContent - 1
INFO: [Project 1-454] Reading design checkpoint 'd:/code_projects/mpd/hw5/submit/aquila_ap/aquila_ap.gen/sources_1/ip/clk_wiz_0/clk_wiz_0.dcp' for cell 'Clock_Generator'
INFO: [Project 1-454] Reading design checkpoint 'd:/code_projects/mpd/hw5/submit/aquila_ap/aquila_ap.gen/sources_1/ip/floating_point_0/floating_point_0.dcp' for cell 'FMA_0'
INFO: [Project 1-454] Reading design checkpoint 'd:/code_projects/mpd/hw5/submit/aquila_ap/aquila_ap.gen/sources_1/ip/mig_7series_0/mig_7series_0.dcp' for cell 'MIG'
INFO: [Project 1-454] Reading design checkpoint 'd:/code_projects/mpd/hw5/submit/aquila_ap/aquila_ap.gen/sources_1/ip/axi_quad_spi_0/axi_quad_spi_0.dcp' for cell 'SD_Card_Controller'
INFO: [Project 1-454] Reading design checkpoint 'd:/code_projects/mpd/hw5/submit/aquila_ap/aquila_ap.gen/sources_1/ip/async_fifo_addr/async_fifo_addr.dcp' for cell 'synchronizer/DMEM_addr'
INFO: [Project 1-454] Reading design checkpoint 'd:/code_projects/mpd/hw5/submit/aquila_ap/aquila_ap.gen/sources_1/ip/async_fifo_signal/async_fifo_signal.dcp' for cell 'synchronizer/DMEM_done__0'
INFO: [Project 1-454] Reading design checkpoint 'd:/code_projects/mpd/hw5/submit/aquila_ap/aquila_ap.gen/sources_1/ip/async_fifo_data/async_fifo_data.dcp' for cell 'synchronizer/DMEM_rd_data'
Netlist sorting complete. Time (s): cpu = 00:00:01 ; elapsed = 00:00:00.782 . Memory (MB): peak = 891.238 ; gain = 0.000
INFO: [Netlist 29-17] Analyzing 17284 Unisim elements for replacement
INFO: [Netlist 29-28] Unisim Transformation completed in 0 CPU seconds
INFO: [Project 1-479] Netlist was created with Vivado 2025.1
INFO: [Project 1-570] Preparing netlist for logic optimization
Parsing XDC File [d:/code_projects/mpd/hw5/submit/aquila_ap/aquila_ap.gen/sources_1/ip/async_fifo_data/async_fifo_data.xdc] for cell 'synchronizer/DMEM_rd_data/U0'
Finished Parsing XDC File [d:/code_projects/mpd/hw5/submit/aquila_ap/aquila_ap.gen/sources_1/ip/async_fifo_data/async_fifo_data.xdc] for cell 'synchronizer/DMEM_rd_data/U0'
Parsing XDC File [d:/code_projects/mpd/hw5/submit/aquila_ap/aquila_ap.gen/sources_1/ip/async_fifo_data/async_fifo_data.xdc] for cell 'synchronizer/DMEM_wt_data/U0'
Finished Parsing XDC File [d:/code_projects/mpd/hw5/submit/aquila_ap/aquila_ap.gen/sources_1/ip/async_fifo_data/async_fifo_data.xdc] for cell 'synchronizer/DMEM_wt_data/U0'
Parsing XDC File [d:/code_projects/mpd/hw5/submit/aquila_ap/aquila_ap.gen/sources_1/ip/async_fifo_data/async_fifo_data.xdc] for cell 'synchronizer/IMEM_rd_data/U0'
Finished Parsing XDC File [d:/code_projects/mpd/hw5/submit/aquila_ap/aquila_ap.gen/sources_1/ip/async_fifo_data/async_fifo_data.xdc] for cell 'synchronizer/IMEM_rd_data/U0'
Parsing XDC File [d:/code_projects/mpd/hw5/submit/aquila_ap/aquila_ap.gen/sources_1/ip/async_fifo_signal/async_fifo_signal.xdc] for cell 'synchronizer/DMEM_done__0/U0'
Finished Parsing XDC File [d:/code_projects/mpd/hw5/submit/aquila_ap/aquila_ap.gen/sources_1/ip/async_fifo_signal/async_fifo_signal.xdc] for cell 'synchronizer/DMEM_done__0/U0'
Parsing XDC File [d:/code_projects/mpd/hw5/submit/aquila_ap/aquila_ap.gen/sources_1/ip/async_fifo_signal/async_fifo_signal.xdc] for cell 'synchronizer/DMEM_rw__0/U0'
Finished Parsing XDC File [d:/code_projects/mpd/hw5/submit/aquila_ap/aquila_ap.gen/sources_1/ip/async_fifo_signal/async_fifo_signal.xdc] for cell 'synchronizer/DMEM_rw__0/U0'
Parsing XDC File [d:/code_projects/mpd/hw5/submit/aquila_ap/aquila_ap.gen/sources_1/ip/async_fifo_signal/async_fifo_signal.xdc] for cell 'synchronizer/DMEM_strobe/U0'
Finished Parsing XDC File [d:/code_projects/mpd/hw5/submit/aquila_ap/aquila_ap.gen/sources_1/ip/async_fifo_signal/async_fifo_signal.xdc] for cell 'synchronizer/DMEM_strobe/U0'
Parsing XDC File [d:/code_projects/mpd/hw5/submit/aquila_ap/aquila_ap.gen/sources_1/ip/async_fifo_signal/async_fifo_signal.xdc] for cell 'synchronizer/IMEM_done/U0'
Finished Parsing XDC File [d:/code_projects/mpd/hw5/submit/aquila_ap/aquila_ap.gen/sources_1/ip/async_fifo_signal/async_fifo_signal.xdc] for cell 'synchronizer/IMEM_done/U0'
Parsing XDC File [d:/code_projects/mpd/hw5/submit/aquila_ap/aquila_ap.gen/sources_1/ip/async_fifo_signal/async_fifo_signal.xdc] for cell 'synchronizer/IMEM_strobe/U0'
Finished Parsing XDC File [d:/code_projects/mpd/hw5/submit/aquila_ap/aquila_ap.gen/sources_1/ip/async_fifo_signal/async_fifo_signal.xdc] for cell 'synchronizer/IMEM_strobe/U0'
Parsing XDC File [d:/code_projects/mpd/hw5/submit/aquila_ap/aquila_ap.gen/sources_1/ip/async_fifo_addr/async_fifo_addr.xdc] for cell 'synchronizer/DMEM_addr/U0'
Finished Parsing XDC File [d:/code_projects/mpd/hw5/submit/aquila_ap/aquila_ap.gen/sources_1/ip/async_fifo_addr/async_fifo_addr.xdc] for cell 'synchronizer/DMEM_addr/U0'
Parsing XDC File [d:/code_projects/mpd/hw5/submit/aquila_ap/aquila_ap.gen/sources_1/ip/async_fifo_addr/async_fifo_addr.xdc] for cell 'synchronizer/IMEM_addr/U0'
Finished Parsing XDC File [d:/code_projects/mpd/hw5/submit/aquila_ap/aquila_ap.gen/sources_1/ip/async_fifo_addr/async_fifo_addr.xdc] for cell 'synchronizer/IMEM_addr/U0'
Parsing XDC File [d:/code_projects/mpd/hw5/submit/aquila_ap/aquila_ap.gen/sources_1/ip/axi_quad_spi_0/axi_quad_spi_0_board.xdc] for cell 'SD_Card_Controller/U0'
Finished Parsing XDC File [d:/code_projects/mpd/hw5/submit/aquila_ap/aquila_ap.gen/sources_1/ip/axi_quad_spi_0/axi_quad_spi_0_board.xdc] for cell 'SD_Card_Controller/U0'
Parsing XDC File [d:/code_projects/mpd/hw5/submit/aquila_ap/aquila_ap.gen/sources_1/ip/axi_quad_spi_0/axi_quad_spi_0.xdc] for cell 'SD_Card_Controller/U0'
Finished Parsing XDC File [d:/code_projects/mpd/hw5/submit/aquila_ap/aquila_ap.gen/sources_1/ip/axi_quad_spi_0/axi_quad_spi_0.xdc] for cell 'SD_Card_Controller/U0'
Parsing XDC File [d:/code_projects/mpd/hw5/submit/aquila_ap/aquila_ap.gen/sources_1/ip/mig_7series_0/mig_7series_0/user_design/constraints/mig_7series_0.xdc] for cell 'MIG'
Finished Parsing XDC File [d:/code_projects/mpd/hw5/submit/aquila_ap/aquila_ap.gen/sources_1/ip/mig_7series_0/mig_7series_0/user_design/constraints/mig_7series_0.xdc] for cell 'MIG'
Parsing XDC File [d:/code_projects/mpd/hw5/submit/aquila_ap/aquila_ap.gen/sources_1/ip/clk_wiz_0/clk_wiz_0_board.xdc] for cell 'Clock_Generator/inst'
Finished Parsing XDC File [d:/code_projects/mpd/hw5/submit/aquila_ap/aquila_ap.gen/sources_1/ip/clk_wiz_0/clk_wiz_0_board.xdc] for cell 'Clock_Generator/inst'
Parsing XDC File [d:/code_projects/mpd/hw5/submit/aquila_ap/aquila_ap.gen/sources_1/ip/clk_wiz_0/clk_wiz_0.xdc] for cell 'Clock_Generator/inst'
INFO: [Timing 38-35] Done setting XDC timing constraints. [d:/code_projects/mpd/hw5/submit/aquila_ap/aquila_ap.gen/sources_1/ip/clk_wiz_0/clk_wiz_0.xdc:54]
INFO: [Timing 38-2] Deriving generated clocks [d:/code_projects/mpd/hw5/submit/aquila_ap/aquila_ap.gen/sources_1/ip/clk_wiz_0/clk_wiz_0.xdc:54]
get_clocks: Time (s): cpu = 00:00:14 ; elapsed = 00:00:13 . Memory (MB): peak = 1714.195 ; gain = 627.750
Finished Parsing XDC File [d:/code_projects/mpd/hw5/submit/aquila_ap/aquila_ap.gen/sources_1/ip/clk_wiz_0/clk_wiz_0.xdc] for cell 'Clock_Generator/inst'
Parsing XDC File [D:/code_projects/mpd/hw5/submit/src/xdc/arty.xdc]
Finished Parsing XDC File [D:/code_projects/mpd/hw5/submit/src/xdc/arty.xdc]
Parsing XDC File [d:/code_projects/mpd/hw5/submit/aquila_ap/aquila_ap.gen/sources_1/ip/async_fifo_data/async_fifo_data_clocks.xdc] for cell 'synchronizer/DMEM_rd_data/U0'
Finished Parsing XDC File [d:/code_projects/mpd/hw5/submit/aquila_ap/aquila_ap.gen/sources_1/ip/async_fifo_data/async_fifo_data_clocks.xdc] for cell 'synchronizer/DMEM_rd_data/U0'
Parsing XDC File [d:/code_projects/mpd/hw5/submit/aquila_ap/aquila_ap.gen/sources_1/ip/async_fifo_data/async_fifo_data_clocks.xdc] for cell 'synchronizer/DMEM_wt_data/U0'
Finished Parsing XDC File [d:/code_projects/mpd/hw5/submit/aquila_ap/aquila_ap.gen/sources_1/ip/async_fifo_data/async_fifo_data_clocks.xdc] for cell 'synchronizer/DMEM_wt_data/U0'
Parsing XDC File [d:/code_projects/mpd/hw5/submit/aquila_ap/aquila_ap.gen/sources_1/ip/async_fifo_data/async_fifo_data_clocks.xdc] for cell 'synchronizer/IMEM_rd_data/U0'
Finished Parsing XDC File [d:/code_projects/mpd/hw5/submit/aquila_ap/aquila_ap.gen/sources_1/ip/async_fifo_data/async_fifo_data_clocks.xdc] for cell 'synchronizer/IMEM_rd_data/U0'
Parsing XDC File [d:/code_projects/mpd/hw5/submit/aquila_ap/aquila_ap.gen/sources_1/ip/async_fifo_signal/async_fifo_signal_clocks.xdc] for cell 'synchronizer/DMEM_done__0/U0'
Finished Parsing XDC File [d:/code_projects/mpd/hw5/submit/aquila_ap/aquila_ap.gen/sources_1/ip/async_fifo_signal/async_fifo_signal_clocks.xdc] for cell 'synchronizer/DMEM_done__0/U0'
Parsing XDC File [d:/code_projects/mpd/hw5/submit/aquila_ap/aquila_ap.gen/sources_1/ip/async_fifo_signal/async_fifo_signal_clocks.xdc] for cell 'synchronizer/DMEM_rw__0/U0'
Finished Parsing XDC File [d:/code_projects/mpd/hw5/submit/aquila_ap/aquila_ap.gen/sources_1/ip/async_fifo_signal/async_fifo_signal_clocks.xdc] for cell 'synchronizer/DMEM_rw__0/U0'
Parsing XDC File [d:/code_projects/mpd/hw5/submit/aquila_ap/aquila_ap.gen/sources_1/ip/async_fifo_signal/async_fifo_signal_clocks.xdc] for cell 'synchronizer/DMEM_strobe/U0'
Finished Parsing XDC File [d:/code_projects/mpd/hw5/submit/aquila_ap/aquila_ap.gen/sources_1/ip/async_fifo_signal/async_fifo_signal_clocks.xdc] for cell 'synchronizer/DMEM_strobe/U0'
Parsing XDC File [d:/code_projects/mpd/hw5/submit/aquila_ap/aquila_ap.gen/sources_1/ip/async_fifo_signal/async_fifo_signal_clocks.xdc] for cell 'synchronizer/IMEM_done/U0'
Finished Parsing XDC File [d:/code_projects/mpd/hw5/submit/aquila_ap/aquila_ap.gen/sources_1/ip/async_fifo_signal/async_fifo_signal_clocks.xdc] for cell 'synchronizer/IMEM_done/U0'
Parsing XDC File [d:/code_projects/mpd/hw5/submit/aquila_ap/aquila_ap.gen/sources_1/ip/async_fifo_signal/async_fifo_signal_clocks.xdc] for cell 'synchronizer/IMEM_strobe/U0'
Finished Parsing XDC File [d:/code_projects/mpd/hw5/submit/aquila_ap/aquila_ap.gen/sources_1/ip/async_fifo_signal/async_fifo_signal_clocks.xdc] for cell 'synchronizer/IMEM_strobe/U0'
Parsing XDC File [d:/code_projects/mpd/hw5/submit/aquila_ap/aquila_ap.gen/sources_1/ip/async_fifo_addr/async_fifo_addr_clocks.xdc] for cell 'synchronizer/DMEM_addr/U0'
Finished Parsing XDC File [d:/code_projects/mpd/hw5/submit/aquila_ap/aquila_ap.gen/sources_1/ip/async_fifo_addr/async_fifo_addr_clocks.xdc] for cell 'synchronizer/DMEM_addr/U0'
Parsing XDC File [d:/code_projects/mpd/hw5/submit/aquila_ap/aquila_ap.gen/sources_1/ip/async_fifo_addr/async_fifo_addr_clocks.xdc] for cell 'synchronizer/IMEM_addr/U0'
Finished Parsing XDC File [d:/code_projects/mpd/hw5/submit/aquila_ap/aquila_ap.gen/sources_1/ip/async_fifo_addr/async_fifo_addr_clocks.xdc] for cell 'synchronizer/IMEM_addr/U0'
Parsing XDC File [d:/code_projects/mpd/hw5/submit/aquila_ap/aquila_ap.gen/sources_1/ip/axi_quad_spi_0/axi_quad_spi_0_clocks.xdc] for cell 'SD_Card_Controller/U0'
Finished Parsing XDC File [d:/code_projects/mpd/hw5/submit/aquila_ap/aquila_ap.gen/sources_1/ip/axi_quad_spi_0/axi_quad_spi_0_clocks.xdc] for cell 'SD_Card_Controller/U0'
WARNING: [XPM_CDC_GRAY: TCL-1000] The source and destination clocks are the same. 
     Instance: SD_Card_Controller/U0/NO_DUAL_QUAD_MODE.QSPI_NORMAL/QSPI_LEGACY_MD_GEN.QSPI_CORE_INTERFACE_I/FIFO_EXISTS.TX_FIFO_II/gnuram_async_fifo.xpm_fifo_base_inst/gen_cdc_pntr.rd_pntr_cdc_inst 
  This will add unnecessary latency to the design. Please check the design for the following: 
 1) Manually instantiated XPM_CDC modules: AMD recommends that you remove these modules. 
 2) AMD IP that contains XPM_CDC modules: Verify the connections to the IP to determine whether you can safely ignore this message.
 [D:/Xilinx/2025.1/Vivado/data/ip/xpm/xpm_cdc/tcl/xpm_cdc_gray.tcl:16]
WARNING: [XPM_CDC_GRAY: TCL-1000] The source and destination clocks are the same. 
     Instance: SD_Card_Controller/U0/NO_DUAL_QUAD_MODE.QSPI_NORMAL/QSPI_LEGACY_MD_GEN.QSPI_CORE_INTERFACE_I/FIFO_EXISTS.RX_FIFO_II/gnuram_async_fifo.xpm_fifo_base_inst/gen_cdc_pntr.wr_pntr_cdc_inst 
  This will add unnecessary latency to the design. Please check the design for the following: 
 1) Manually instantiated XPM_CDC modules: AMD recommends that you remove these modules. 
 2) AMD IP that contains XPM_CDC modules: Verify the connections to the IP to determine whether you can safely ignore this message.
 [D:/Xilinx/2025.1/Vivado/data/ip/xpm/xpm_cdc/tcl/xpm_cdc_gray.tcl:16]
WARNING: [XPM_CDC_GRAY: TCL-1000] The source and destination clocks are the same. 
     Instance: SD_Card_Controller/U0/NO_DUAL_QUAD_MODE.QSPI_NORMAL/QSPI_LEGACY_MD_GEN.QSPI_CORE_INTERFACE_I/FIFO_EXISTS.RX_FIFO_II/gnuram_async_fifo.xpm_fifo_base_inst/gen_cdc_pntr.rd_pntr_cdc_inst 
  This will add unnecessary latency to the design. Please check the design for the following: 
 1) Manually instantiated XPM_CDC modules: AMD recommends that you remove these modules. 
 2) AMD IP that contains XPM_CDC modules: Verify the connections to the IP to determine whether you can safely ignore this message.
 [D:/Xilinx/2025.1/Vivado/data/ip/xpm/xpm_cdc/tcl/xpm_cdc_gray.tcl:16]
WARNING: [XPM_CDC_GRAY: TCL-1000] The source and destination clocks are the same. 
     Instance: SD_Card_Controller/U0/NO_DUAL_QUAD_MODE.QSPI_NORMAL/QSPI_LEGACY_MD_GEN.QSPI_CORE_INTERFACE_I/FIFO_EXISTS.TX_FIFO_II/gnuram_async_fifo.xpm_fifo_base_inst/gen_cdc_pntr.wr_pntr_cdc_inst 
  This will add unnecessary latency to the design. Please check the design for the following: 
 1) Manually instantiated XPM_CDC modules: AMD recommends that you remove these modules. 
 2) AMD IP that contains XPM_CDC modules: Verify the connections to the IP to determine whether you can safely ignore this message.
 [D:/Xilinx/2025.1/Vivado/data/ip/xpm/xpm_cdc/tcl/xpm_cdc_gray.tcl:16]
WARNING: [XPM_CDC_GRAY: TCL-1000] The source and destination clocks are the same. 
     Instance: SD_Card_Controller/U0/NO_DUAL_QUAD_MODE.QSPI_NORMAL/QSPI_LEGACY_MD_GEN.QSPI_CORE_INTERFACE_I/FIFO_EXISTS.TX_FIFO_II/gnuram_async_fifo.xpm_fifo_base_inst/gen_cdc_pntr.wr_pntr_cdc_dc_inst 
  This will add unnecessary latency to the design. Please check the design for the following: 
 1) Manually instantiated XPM_CDC modules: AMD recommends that you remove these modules. 
 2) AMD IP that contains XPM_CDC modules: Verify the connections to the IP to determine whether you can safely ignore this message.
 [D:/Xilinx/2025.1/Vivado/data/ip/xpm/xpm_cdc/tcl/xpm_cdc_gray.tcl:16]
WARNING: [XPM_CDC_GRAY: TCL-1000] The source and destination clocks are the same. 
     Instance: SD_Card_Controller/U0/NO_DUAL_QUAD_MODE.QSPI_NORMAL/QSPI_LEGACY_MD_GEN.QSPI_CORE_INTERFACE_I/FIFO_EXISTS.RX_FIFO_II/gnuram_async_fifo.xpm_fifo_base_inst/gen_cdc_pntr.wr_pntr_cdc_dc_inst 
  This will add unnecessary latency to the design. Please check the design for the following: 
 1) Manually instantiated XPM_CDC modules: AMD recommends that you remove these modules. 
 2) AMD IP that contains XPM_CDC modules: Verify the connections to the IP to determine whether you can safely ignore this message.
 [D:/Xilinx/2025.1/Vivado/data/ip/xpm/xpm_cdc/tcl/xpm_cdc_gray.tcl:16]
WARNING: [XPM_CDC_GRAY: TCL-1000] The source and destination clocks are the same. 
     Instance: SD_Card_Controller/U0/NO_DUAL_QUAD_MODE.QSPI_NORMAL/QSPI_LEGACY_MD_GEN.QSPI_CORE_INTERFACE_I/FIFO_EXISTS.TX_FIFO_II/gnuram_async_fifo.xpm_fifo_base_inst/gen_cdc_pntr.rd_pntr_cdc_dc_inst 
  This will add unnecessary latency to the design. Please check the design for the following: 
 1) Manually instantiated XPM_CDC modules: AMD recommends that you remove these modules. 
 2) AMD IP that contains XPM_CDC modules: Verify the connections to the IP to determine whether you can safely ignore this message.
 [D:/Xilinx/2025.1/Vivado/data/ip/xpm/xpm_cdc/tcl/xpm_cdc_gray.tcl:16]
WARNING: [XPM_CDC_GRAY: TCL-1000] The source and destination clocks are the same. 
     Instance: SD_Card_Controller/U0/NO_DUAL_QUAD_MODE.QSPI_NORMAL/QSPI_LEGACY_MD_GEN.QSPI_CORE_INTERFACE_I/FIFO_EXISTS.RX_FIFO_II/gnuram_async_fifo.xpm_fifo_base_inst/gen_cdc_pntr.rd_pntr_cdc_dc_inst 
  This will add unnecessary latency to the design. Please check the design for the following: 
 1) Manually instantiated XPM_CDC modules: AMD recommends that you remove these modules. 
 2) AMD IP that contains XPM_CDC modules: Verify the connections to the IP to determine whether you can safely ignore this message.
 [D:/Xilinx/2025.1/Vivado/data/ip/xpm/xpm_cdc/tcl/xpm_cdc_gray.tcl:16]
INFO: [Project 1-1714] 36 XPM XDC files have been applied to the design.
INFO: [Opt 31-138] Pushed 0 inverter(s) to 0 load pin(s).
WARNING: [Constraints 18-5572] Instance SD_Card_Controller/U0/NO_DUAL_QUAD_MODE.QSPI_NORMAL/IO0_I_REG has IOB constraint set, However, the instance does not seem to have valid I/O connection to be placed into I/O. The constraint on the instance will be ignored.
Netlist sorting complete. Time (s): cpu = 00:00:00 ; elapsed = 00:00:00.041 . Memory (MB): peak = 1714.195 ; gain = 0.000
INFO: [Project 1-111] Unisim Transformation Summary:
  A total of 343 instances were transformed.
  IOBUFDS_INTERMDISABLE => IOBUFDS_INTERMDISABLE (IBUFDS_INTERMDISABLE_INT(x2), INV, OBUFTDS(x2)): 2 instances
  IOBUF_INTERMDISABLE => IOBUF_INTERMDISABLE (IBUF_INTERMDISABLE, OBUFT): 16 instances
  OBUFDS => OBUFDS_DUAL_BUF (INV, OBUFDS(x2)): 1 instance 
  RAM16X1D => RAM32X1D (RAMD32(x2)): 5 instances
  RAM32M => RAM32M (RAMD32(x6), RAMS32(x2)): 185 instances
  RAM32X1D => RAM32X1D (RAMD32(x2)): 12 instances
  RAM64M => RAM64M (RAMD64E(x4)): 21 instances
  RAM64X1D => RAM64X1D (RAMD64E(x2)): 13 instances
  RAM64X1S => RAM64X1S (RAMS64E): 88 instances

18 Infos, 9 Warnings, 0 Critical Warnings and 0 Errors encountered.
link_design completed successfully
link_design: Time (s): cpu = 00:00:34 ; elapsed = 00:00:36 . Memory (MB): peak = 1714.195 ; gain = 1185.750
Command: opt_design
Attempting to get a license for feature 'Implementation' and/or device 'xc7a100t'
INFO: [Common 17-349] Got license for feature 'Implementation' and/or device 'xc7a100t'
Running DRC as a precondition to command opt_design

Starting DRC Task
INFO: [DRC 23-27] Running DRC with 2 threads
INFO: [Project 1-461] DRC finished with 0 Errors
INFO: [Project 1-462] Please refer to the DRC report (report_drc) for more information.

Time (s): cpu = 00:00:04 ; elapsed = 00:00:02 . Memory (MB): peak = 1714.195 ; gain = 0.000

Starting Cache Timing Information Task
INFO: [Timing 38-35] Done setting XDC timing constraints.
Ending Cache Timing Information Task | Checksum: 28e14e402

Time (s): cpu = 00:00:04 ; elapsed = 00:00:03 . Memory (MB): peak = 1714.195 ; gain = 0.000

Starting Logic Optimization Task

Phase 1 Initialization

Phase 1.1 Core Generation And Design Setup
Phase 1.1 Core Generation And Design Setup | Checksum: 28e14e402

Time (s): cpu = 00:00:00 ; elapsed = 00:00:00.072 . Memory (MB): peak = 2124.461 ; gain = 0.000

Phase 1.2 Setup Constraints And Sort Netlist
Phase 1.2 Setup Constraints And Sort Netlist | Checksum: 28e14e402

Time (s): cpu = 00:00:00 ; elapsed = 00:00:00.148 . Memory (MB): peak = 2124.461 ; gain = 0.000
Phase 1 Initialization | Checksum: 28e14e402

Time (s): cpu = 00:00:00 ; elapsed = 00:00:00.158 . Memory (MB): peak = 2124.461 ; gain = 0.000

Phase 2 Timer Update And Timing Data Collection

Phase 2.1 Timer Update
Phase 2.1 Timer Update | Checksum: 28e14e402

Time (s): cpu = 00:00:05 ; elapsed = 00:00:03 . Memory (MB): peak = 2124.461 ; gain = 0.000

Phase 2.2 Timing Data Collection
Phase 2.2 Timing Data Collection | Checksum: 28e14e402

Time (s): cpu = 00:00:05 ; elapsed = 00:00:03 . Memory (MB): peak = 2124.461 ; gain = 0.000
Phase 2 Timer Update And Timing Data Collection | Checksum: 28e14e402

Time (s): cpu = 00:00:05 ; elapsed = 00:00:03 . Memory (MB): peak = 2124.461 ; gain = 0.000

Phase 3 Retarget
INFO: [Opt 31-1851] Number of loadless carry chains removed were: 0
INFO: [Opt 31-1834] Total Chains To Be Transformed Were: 0 AND Number of Transformed insts Created are: 0
INFO: [Opt 31-1566] Pulled 35 inverters resulting in an inversion of 900 pins
INFO: [Opt 31-138] Pushed 12 inverter(s) to 52 load pin(s).
INFO: [Opt 31-49] Retargeted 0 cell(s).
Phase 3 Retarget | Checksum: 2786bfaa9

Time (s): cpu = 00:00:06 ; elapsed = 00:00:05 . Memory (MB): peak = 2124.461 ; gain = 0.000
Retarget | Checksum: 2786bfaa9
INFO: [Opt 31-389] Phase Retarget created 62 cells and removed 193 cells
INFO: [Opt 31-1021] In phase Retarget, 20 netlist objects are constrained preventing optimization. Please run opt_design with -debug_log to get more detail. 

Phase 4 Constant propagation
INFO: [Opt 31-138] Pushed 1 inverter(s) to 2 load pin(s).
Phase 4 Constant propagation | Checksum: 1e5e9bfb0

Time (s): cpu = 00:00:07 ; elapsed = 00:00:05 . Memory (MB): peak = 2124.461 ; gain = 0.000
Constant propagation | Checksum: 1e5e9bfb0
INFO: [Opt 31-389] Phase Constant propagation created 15 cells and removed 25 cells

Phase 5 Sweep
INFO: [Constraints 18-11670] Building netlist checker database with flags, 0x8
Done building netlist checker database: Time (s): cpu = 00:00:00 ; elapsed = 00:00:00.035 . Memory (MB): peak = 2124.461 ; gain = 0.000
INFO: [Constraints 18-11670] Building netlist checker database with flags, 0x8
Done building netlist checker database: Time (s): cpu = 00:00:00 ; elapsed = 00:00:00.034 . Memory (MB): peak = 2124.461 ; gain = 0.000
Phase 5 Sweep | Checksum: 22238bc5e

Time (s): cpu = 00:00:08 ; elapsed = 00:00:07 . Memory (MB): peak = 2124.461 ; gain = 0.000
Sweep | Checksum: 22238bc5e
INFO: [Opt 31-389] Phase Sweep created 0 cells and removed 238 cells
INFO: [Opt 31-1021] In phase Sweep, 241 netlist objects are constrained preventing optimization. Please run opt_design with -debug_log to get more detail. 

Phase 6 BUFG optimization
INFO: [Opt 31-129] Inserted BUFG to drive high-fanout reset|set|enable net. BUFG cell: rst_BUFG_inst, Net: rst
Phase 6 BUFG optimization | Checksum: 22b5e11e3

Time (s): cpu = 00:00:10 ; elapsed = 00:00:08 . Memory (MB): peak = 2124.461 ; gain = 0.000
BUFG optimization | Checksum: 22b5e11e3
INFO: [Opt 31-662] Phase BUFG optimization created 2 cells of which 1 are BUFGs and removed 0 cells.

Phase 7 Shift Register Optimization
INFO: [Opt 31-1064] SRL Remap converted 0 SRLs to 0 registers and converted 0 registers of register chains to 0 SRLs
Phase 7 Shift Register Optimization | Checksum: 22b5e11e3

Time (s): cpu = 00:00:10 ; elapsed = 00:00:08 . Memory (MB): peak = 2124.461 ; gain = 0.000
Shift Register Optimization | Checksum: 22b5e11e3
INFO: [Opt 31-389] Phase Shift Register Optimization created 0 cells and removed 0 cells

Phase 8 Post Processing Netlist
INFO: [Opt 31-1566] Pulled 1 inverters resulting in an inversion of 5 pins
Phase 8 Post Processing Netlist | Checksum: 1d32aeefb

Time (s): cpu = 00:00:10 ; elapsed = 00:00:08 . Memory (MB): peak = 2124.461 ; gain = 0.000
Post Processing Netlist | Checksum: 1d32aeefb
INFO: [Opt 31-389] Phase Post Processing Netlist created 0 cells and removed 1 cells
INFO: [Opt 31-1021] In phase Post Processing Netlist, 30 netlist objects are constrained preventing optimization. Please run opt_design with -debug_log to get more detail. 

Phase 9 Finalization

Phase 9.1 Finalizing Design Cores and Updating Shapes
Phase 9.1 Finalizing Design Cores and Updating Shapes | Checksum: 17e252238

Time (s): cpu = 00:00:12 ; elapsed = 00:00:10 . Memory (MB): peak = 2124.461 ; gain = 0.000

Phase 9.2 Verifying Netlist Connectivity

Starting Connectivity Check Task

Time (s): cpu = 00:00:00 ; elapsed = 00:00:00.155 . Memory (MB): peak = 2124.461 ; gain = 0.000
Phase 9.2 Verifying Netlist Connectivity | Checksum: 17e252238

Time (s): cpu = 00:00:12 ; elapsed = 00:00:11 . Memory (MB): peak = 2124.461 ; gain = 0.000
Phase 9 Finalization | Checksum: 17e252238

Time (s): cpu = 00:00:12 ; elapsed = 00:00:11 . Memory (MB): peak = 2124.461 ; gain = 0.000
Opt_design Change Summary
=========================


-------------------------------------------------------------------------------------------------------------------------
|  Phase                        |  #Cells created  |  #Cells Removed  |  #Constrained objects preventing optimizations  |
-------------------------------------------------------------------------------------------------------------------------
|  Retarget                     |              62  |             193  |                                             20  |
|  Constant propagation         |              15  |              25  |                                              0  |
|  Sweep                        |               0  |             238  |                                            241  |
|  BUFG optimization            |               2  |               0  |                                              0  |
|  Shift Register Optimization  |               0  |               0  |                                              0  |
|  Post Processing Netlist      |               0  |               1  |                                             30  |
-------------------------------------------------------------------------------------------------------------------------


Ending Logic Optimization Task | Checksum: 17e252238

Time (s): cpu = 00:00:12 ; elapsed = 00:00:11 . Memory (MB): peak = 2124.461 ; gain = 0.000

Starting Power Optimization Task
INFO: [Pwropt 34-132] Skipping clock gating for clocks with a period < 2.00 ns.
INFO: [Timing 38-35] Done setting XDC timing constraints.
Running Vector-less Activity Propagation...
INFO: [Pwropt 34-9] Applying IDT optimizations ...
INFO: [Pwropt 34-10] Applying ODC optimizations ...

Finished Running Vector-less Activity Propagation


Starting PowerOpt Patch Enables Task
INFO: [Pwropt 34-162] WRITE_MODE attribute of 0 BRAM(s) out of a total of 38 has been updated to save power. Run report_power_opt to get a complete listing of the BRAMs updated.
INFO: [Pwropt 34-201] Structural ODC has moved 0 WE to EN ports
Number of BRAM Ports augmented: 0 newly gated: 16 Total Ports: 76
Ending PowerOpt Patch Enables Task | Checksum: 1eae25713

Time (s): cpu = 00:00:00 ; elapsed = 00:00:00.345 . Memory (MB): peak = 2681.090 ; gain = 0.000
Ending Power Optimization Task | Checksum: 1eae25713

Time (s): cpu = 00:00:47 ; elapsed = 00:00:31 . Memory (MB): peak = 2681.090 ; gain = 556.629

Starting Final Cleanup Task
Ending Final Cleanup Task | Checksum: 1eae25713

Time (s): cpu = 00:00:00 ; elapsed = 00:00:00.009 . Memory (MB): peak = 2681.090 ; gain = 0.000

Starting Netlist Obfuscation Task
Netlist sorting complete. Time (s): cpu = 00:00:00 ; elapsed = 00:00:00.026 . Memory (MB): peak = 2681.090 ; gain = 0.000
Ending Netlist Obfuscation Task | Checksum: 1eae25713

Time (s): cpu = 00:00:00 ; elapsed = 00:00:00.036 . Memory (MB): peak = 2681.090 ; gain = 0.000
INFO: [Common 17-83] Releasing license: Implementation
50 Infos, 9 Warnings, 0 Critical Warnings and 0 Errors encountered.
opt_design completed successfully
opt_design: Time (s): cpu = 00:01:10 ; elapsed = 00:00:50 . Memory (MB): peak = 2681.090 ; gain = 966.895
INFO: [Vivado 12-24828] Executing command : report_drc -file soc_top_drc_opted.rpt -pb soc_top_drc_opted.pb -rpx soc_top_drc_opted.rpx
Command: report_drc -file soc_top_drc_opted.rpt -pb soc_top_drc_opted.pb -rpx soc_top_drc_opted.rpx
INFO: [IP_Flow 19-1839] IP Catalog is up to date.
INFO: [DRC 23-27] Running DRC with 2 threads
INFO: [Vivado_Tcl 2-168] The results of DRC are in file D:/code_projects/mpd/hw5/submit/aquila_ap/aquila_ap.runs/impl_1/soc_top_drc_opted.rpt.
report_drc completed successfully
INFO: [Timing 38-35] Done setting XDC timing constraints.
INFO: [Timing 38-480] Writing timing data to binary archive.
Wrote PlaceDB: Time (s): cpu = 00:00:00 ; elapsed = 00:00:00.023 . Memory (MB): peak = 2681.090 ; gain = 0.000
Wrote PulsedLatchDB: Time (s): cpu = 00:00:00 ; elapsed = 00:00:00.001 . Memory (MB): peak = 2681.090 ; gain = 0.000
Writing XDEF routing.
Writing XDEF routing logical nets.
Writing XDEF routing special nets.
Wrote RouteStorage: Time (s): cpu = 00:00:00 ; elapsed = 00:00:00.089 . Memory (MB): peak = 2681.090 ; gain = 0.000
Wrote Netlist Cache: Time (s): cpu = 00:00:00 ; elapsed = 00:00:00.001 . Memory (MB): peak = 2681.090 ; gain = 0.000
Wrote Device Cache: Time (s): cpu = 00:00:00 ; elapsed = 00:00:00.008 . Memory (MB): peak = 2681.090 ; gain = 0.000
Write Physdb Complete: Time (s): cpu = 00:00:00 ; elapsed = 00:00:00.129 . Memory (MB): peak = 2681.090 ; gain = 0.000
Write ShapeDB Complete: Time (s): cpu = 00:00:01 ; elapsed = 00:00:00.220 . Memory (MB): peak = 2681.090 ; gain = 0.000
INFO: [Common 17-1381] The checkpoint 'D:/code_projects/mpd/hw5/submit/aquila_ap/aquila_ap.runs/impl_1/soc_top_opt.dcp' has been generated.
write_checkpoint: Time (s): cpu = 00:00:11 ; elapsed = 00:00:09 . Memory (MB): peak = 2681.090 ; gain = 0.000
Command: place_design
Attempting to get a license for feature 'Implementation' and/or device 'xc7a100t'
INFO: [Common 17-349] Got license for feature 'Implementation' and/or device 'xc7a100t'
INFO: [Common 17-83] Releasing license: Implementation
INFO: [DRC 23-27] Running DRC with 2 threads
INFO: [Vivado_Tcl 4-198] DRC finished with 0 Errors
INFO: [Vivado_Tcl 4-199] Please refer to the DRC report (report_drc) for more information.
Running DRC as a precondition to command place_design
INFO: [DRC 23-27] Running DRC with 2 threads
INFO: [Vivado_Tcl 4-198] DRC finished with 0 Errors
INFO: [Vivado_Tcl 4-199] Please refer to the DRC report (report_drc) for more information.
INFO: [Place 30-611] Multithreading enabled for place_design using a maximum of 2 CPUs

Starting Placer Task

Phase 1 Placer Initialization

Phase 1.1 Placer Initialization Netlist Sorting
Netlist sorting complete. Time (s): cpu = 00:00:00 ; elapsed = 00:00:00.033 . Memory (MB): peak = 2681.090 ; gain = 0.000
Phase 1.1 Placer Initialization Netlist Sorting | Checksum: 1bc674f9e

Time (s): cpu = 00:00:00 ; elapsed = 00:00:00.048 . Memory (MB): peak = 2681.090 ; gain = 0.000
Netlist sorting complete. Time (s): cpu = 00:00:00 ; elapsed = 00:00:00.044 . Memory (MB): peak = 2681.090 ; gain = 0.000

Phase 1.2 IO Placement/ Clock Placement/ Build Placer Device
Phase 1.2 IO Placement/ Clock Placement/ Build Placer Device | Checksum: 1c82ccea0

Time (s): cpu = 00:00:06 ; elapsed = 00:00:05 . Memory (MB): peak = 2681.090 ; gain = 0.000

Phase 1.3 Build Placer Netlist Model
WARNING: [Place 30-770] High register utilization is forcing place_design to place up to 8 registers per slice which may impact placement success and/or routing congestion.
Phase 1.3 Build Placer Netlist Model | Checksum: 1f66e7cc8

Time (s): cpu = 00:00:34 ; elapsed = 00:00:25 . Memory (MB): peak = 2681.090 ; gain = 0.000

Phase 1.4 Constrain Clocks/Macros
Phase 1.4 Constrain Clocks/Macros | Checksum: 1f66e7cc8

Time (s): cpu = 00:00:34 ; elapsed = 00:00:25 . Memory (MB): peak = 2681.090 ; gain = 0.000
Phase 1 Placer Initialization | Checksum: 1f66e7cc8

Time (s): cpu = 00:00:34 ; elapsed = 00:00:25 . Memory (MB): peak = 2681.090 ; gain = 0.000

Phase 2 Global Placement

Phase 2.1 Floorplanning
Phase 2.1 Floorplanning | Checksum: 1e2a8a6bf

Time (s): cpu = 00:00:44 ; elapsed = 00:00:31 . Memory (MB): peak = 2681.090 ; gain = 0.000

Phase 2.2 Update Timing before SLR Path Opt
Phase 2.2 Update Timing before SLR Path Opt | Checksum: 2c2f80a4c

Time (s): cpu = 00:00:53 ; elapsed = 00:00:37 . Memory (MB): peak = 2681.090 ; gain = 0.000

Phase 2.3 Post-Processing in Floorplanning
Phase 2.3 Post-Processing in Floorplanning | Checksum: 2c2f80a4c

Time (s): cpu = 00:00:54 ; elapsed = 00:00:38 . Memory (MB): peak = 2681.090 ; gain = 0.000

Phase 2.4 Global Place Phase1
Phase 2.4 Global Place Phase1 | Checksum: 32ac87d43

Time (s): cpu = 00:01:56 ; elapsed = 00:01:23 . Memory (MB): peak = 2681.090 ; gain = 0.000

Phase 2.5 Global Place Phase2

Phase 2.5.1 UpdateTiming Before Physical Synthesis
Phase 2.5.1 UpdateTiming Before Physical Synthesis | Checksum: 2858ed6c1

Time (s): cpu = 00:02:06 ; elapsed = 00:01:30 . Memory (MB): peak = 2681.090 ; gain = 0.000

Phase 2.5.2 Physical Synthesis In Placer
INFO: [Physopt 32-1035] Found 0 LUTNM shape to break, 1789 LUT instances to create LUTNM shape
INFO: [Physopt 32-1044] Break lutnm for timing: one critical 0, two critical 0, total 0, new lutff created 0
INFO: [Physopt 32-1138] End 1 Pass. Optimized 758 nets or LUTs. Breaked 0 LUT, combined 758 existing LUTs and moved 0 existing LUT
Netlist sorting complete. Time (s): cpu = 00:00:00 ; elapsed = 00:00:00.027 . Memory (MB): peak = 2681.090 ; gain = 0.000
INFO: [Physopt 32-65] No nets found for high-fanout optimization.
INFO: [Physopt 32-232] Optimized 0 net. Created 0 new instance.
INFO: [Physopt 32-775] End 1 Pass. Optimized 0 net or cell. Created 0 new cell, deleted 0 existing cell and moved 0 existing cell
INFO: [Physopt 32-670] No setup violation found.  DSP Register Optimization was not performed.
INFO: [Physopt 32-670] No setup violation found.  Shift Register to Pipeline Optimization was not performed.
INFO: [Physopt 32-670] No setup violation found.  Shift Register Optimization was not performed.
INFO: [Physopt 32-670] No setup violation found.  BRAM Register Optimization was not performed.
INFO: [Physopt 32-670] No setup violation found.  URAM Register Optimization was not performed.
INFO: [Physopt 32-949] No candidate nets found for dynamic/static region interface net replication
INFO: [Physopt 32-775] End 1 Pass. Optimized 0 net or cell. Created 0 new cell, deleted 0 existing cell and moved 0 existing cell
Netlist sorting complete. Time (s): cpu = 00:00:00 ; elapsed = 00:00:00.044 . Memory (MB): peak = 2681.090 ; gain = 0.000

Summary of Physical Synthesis Optimizations
============================================


-----------------------------------------------------------------------------------------------------------------------------------------------------------
|  Optimization                                     |  Added Cells  |  Removed Cells  |  Optimized Cells/Nets  |  Dont Touch  |  Iterations  |  Elapsed   |
-----------------------------------------------------------------------------------------------------------------------------------------------------------
|  LUT Combining                                    |            0  |            758  |                   758  |           0  |           1  |  00:00:03  |
|  Retime                                           |            0  |              0  |                     0  |           0  |           1  |  00:00:00  |
|  Very High Fanout                                 |            0  |              0  |                     0  |           0  |           1  |  00:00:01  |
|  DSP Register                                     |            0  |              0  |                     0  |           0  |           0  |  00:00:00  |
|  Shift Register to Pipeline                       |            0  |              0  |                     0  |           0  |           0  |  00:00:00  |
|  Shift Register                                   |            0  |              0  |                     0  |           0  |           0  |  00:00:00  |
|  BRAM Register                                    |            0  |              0  |                     0  |           0  |           0  |  00:00:00  |
|  URAM Register                                    |            0  |              0  |                     0  |           0  |           0  |  00:00:00  |
|  Dynamic/Static Region Interface Net Replication  |            0  |              0  |                     0  |           0  |           1  |  00:00:00  |
|  Total                                            |            0  |            758  |                   758  |           0  |           4  |  00:00:03  |
-----------------------------------------------------------------------------------------------------------------------------------------------------------


Phase 2.5.2 Physical Synthesis In Placer | Checksum: 1a54aa81d

Time (s): cpu = 00:02:20 ; elapsed = 00:01:40 . Memory (MB): peak = 2681.090 ; gain = 0.000
Phase 2.5 Global Place Phase2 | Checksum: 248b3a54a

Time (s): cpu = 00:02:23 ; elapsed = 00:01:43 . Memory (MB): peak = 2681.090 ; gain = 0.000
Phase 2 Global Placement | Checksum: 248b3a54a

Time (s): cpu = 00:02:23 ; elapsed = 00:01:43 . Memory (MB): peak = 2681.090 ; gain = 0.000

Phase 3 Detail Placement

Phase 3.1 Commit Multi Column Macros
Phase 3.1 Commit Multi Column Macros | Checksum: 240a2c186

Time (s): cpu = 00:02:35 ; elapsed = 00:01:51 . Memory (MB): peak = 2681.090 ; gain = 0.000

Phase 3.2 Commit Most Macros & LUTRAMs
Phase 3.2 Commit Most Macros & LUTRAMs | Checksum: 1513e8521

Time (s): cpu = 00:02:54 ; elapsed = 00:02:04 . Memory (MB): peak = 2681.090 ; gain = 0.000

Phase 3.3 Area Swap Optimization
Phase 3.3 Area Swap Optimization | Checksum: 12ada89ed

Time (s): cpu = 00:02:55 ; elapsed = 00:02:05 . Memory (MB): peak = 2681.090 ; gain = 0.000

Phase 3.4 Pipeline Register Optimization
Phase 3.4 Pipeline Register Optimization | Checksum: 151e603ff

Time (s): cpu = 00:02:55 ; elapsed = 00:02:06 . Memory (MB): peak = 2681.090 ; gain = 0.000

Phase 3.5 Fast Optimization
Phase 3.5 Fast Optimization | Checksum: 1489374de

Time (s): cpu = 00:03:19 ; elapsed = 00:02:22 . Memory (MB): peak = 2681.090 ; gain = 0.000

Phase 3.6 Small Shape Detail Placement
Phase 3.6 Small Shape Detail Placement | Checksum: 1524a6e6c

Time (s): cpu = 00:04:33 ; elapsed = 00:04:11 . Memory (MB): peak = 2681.090 ; gain = 0.000

Phase 3.7 Re-assign LUT pins
Phase 3.7 Re-assign LUT pins | Checksum: 1862ee318

Time (s): cpu = 00:04:37 ; elapsed = 00:04:15 . Memory (MB): peak = 2681.090 ; gain = 0.000

Phase 3.8 Pipeline Register Optimization
Phase 3.8 Pipeline Register Optimization | Checksum: 1e8c18553

Time (s): cpu = 00:04:38 ; elapsed = 00:04:16 . Memory (MB): peak = 2681.090 ; gain = 0.000
Phase 3 Detail Placement | Checksum: 1e8c18553

Time (s): cpu = 00:04:39 ; elapsed = 00:04:17 . Memory (MB): peak = 2681.090 ; gain = 0.000

Phase 4 Post Placement Optimization and Clean-Up

Phase 4.1 Post Commit Optimization
INFO: [Timing 38-35] Done setting XDC timing constraints.

Phase 4.1.1 Post Placement Optimization
Post Placement Optimization Initialization | Checksum: 1277d2221

Phase 4.1.1.1 BUFG Insertion

Starting Physical Synthesis Task

Phase 1 Physical Synthesis Initialization
INFO: [Physopt 32-721] Multithreading enabled for phys_opt_design using a maximum of 2 CPUs
INFO: [Physopt 32-619] Estimated Timing Summary | WNS=0.773 | TNS=0.000 |
Phase 1 Physical Synthesis Initialization | Checksum: 5c891f69

Time (s): cpu = 00:00:05 ; elapsed = 00:00:03 . Memory (MB): peak = 2693.250 ; gain = 0.000
INFO: [Place 46-56] BUFG insertion identified 0 candidate nets. Inserted BUFG: 0, Replicated BUFG Driver: 0, Skipped due to Placement/Routing Conflicts: 0, Skipped due to Timing Degradation: 0, Skipped due to netlist editing failed: 0.
Ending Physical Synthesis Task | Checksum: 132981b7f

Time (s): cpu = 00:00:07 ; elapsed = 00:00:04 . Memory (MB): peak = 2693.250 ; gain = 0.000
Phase 4.1.1.1 BUFG Insertion | Checksum: 1277d2221

Time (s): cpu = 00:05:17 ; elapsed = 00:04:43 . Memory (MB): peak = 2693.250 ; gain = 12.160

Phase 4.1.1.2 Post Placement Timing Optimization
INFO: [Place 30-746] Post Placement Timing Summary WNS=0.773. For the most accurate timing information please run report_timing.
Phase 4.1.1.2 Post Placement Timing Optimization | Checksum: 115695ee6

Time (s): cpu = 00:05:18 ; elapsed = 00:04:44 . Memory (MB): peak = 2693.250 ; gain = 12.160

Time (s): cpu = 00:05:18 ; elapsed = 00:04:44 . Memory (MB): peak = 2693.250 ; gain = 12.160
Phase 4.1 Post Commit Optimization | Checksum: 115695ee6

Time (s): cpu = 00:05:19 ; elapsed = 00:04:45 . Memory (MB): peak = 2693.250 ; gain = 12.160

Phase 4.2 Post Placement Cleanup
Phase 4.2 Post Placement Cleanup | Checksum: 115695ee6

Time (s): cpu = 00:05:20 ; elapsed = 00:04:46 . Memory (MB): peak = 2693.250 ; gain = 12.160

Phase 4.3 Placer Reporting

Phase 4.3.1 Print Estimated Congestion
INFO: [Place 30-612] Post-Placement Estimated Congestion 
 ____________________________________________________
|           | Global Congestion | Short Congestion  |
| Direction | Region Size       | Region Size       |
|___________|___________________|___________________|
|      North|              16x16|              16x16|
|___________|___________________|___________________|
|      South|                4x4|                8x8|
|___________|___________________|___________________|
|       East|                4x4|                8x8|
|___________|___________________|___________________|
|       West|              16x16|              16x16|
|___________|___________________|___________________|

Phase 4.3.1 Print Estimated Congestion | Checksum: 115695ee6

Time (s): cpu = 00:05:21 ; elapsed = 00:04:47 . Memory (MB): peak = 2693.250 ; gain = 12.160
Phase 4.3 Placer Reporting | Checksum: 115695ee6

Time (s): cpu = 00:05:22 ; elapsed = 00:04:47 . Memory (MB): peak = 2693.250 ; gain = 12.160

Phase 4.4 Final Placement Cleanup
Netlist sorting complete. Time (s): cpu = 00:00:00 ; elapsed = 00:00:00.042 . Memory (MB): peak = 2693.250 ; gain = 0.000

Time (s): cpu = 00:05:22 ; elapsed = 00:04:47 . Memory (MB): peak = 2693.250 ; gain = 12.160
Phase 4 Post Placement Optimization and Clean-Up | Checksum: 156ba38fc

Time (s): cpu = 00:05:22 ; elapsed = 00:04:48 . Memory (MB): peak = 2693.250 ; gain = 12.160
Ending Placer Task | Checksum: 1456dee20

Time (s): cpu = 00:05:23 ; elapsed = 00:04:49 . Memory (MB): peak = 2693.250 ; gain = 12.160
85 Infos, 10 Warnings, 0 Critical Warnings and 0 Errors encountered.
place_design completed successfully
place_design: Time (s): cpu = 00:05:30 ; elapsed = 00:04:53 . Memory (MB): peak = 2693.250 ; gain = 12.160
INFO: [Vivado 12-24838] Running report commands "report_control_sets, report_io, report_utilization" in parallel.
Running report generation with 2 threads.
INFO: [Vivado 12-24828] Executing command : report_io -file soc_top_io_placed.rpt
report_io: Time (s): cpu = 00:00:00 ; elapsed = 00:00:00.083 . Memory (MB): peak = 2693.250 ; gain = 0.000
INFO: [Vivado 12-24828] Executing command : report_control_sets -verbose -file soc_top_control_sets_placed.rpt
report_control_sets: Time (s): cpu = 00:00:01 ; elapsed = 00:00:00.279 . Memory (MB): peak = 2693.250 ; gain = 0.000
INFO: [Vivado 12-24828] Executing command : report_utilization -file soc_top_utilization_placed.rpt -pb soc_top_utilization_placed.pb
INFO: [Timing 38-480] Writing timing data to binary archive.
Write ShapeDB Complete: Time (s): cpu = 00:00:01 ; elapsed = 00:00:00.253 . Memory (MB): peak = 2693.250 ; gain = 0.000
Wrote PlaceDB: Time (s): cpu = 00:00:12 ; elapsed = 00:00:07 . Memory (MB): peak = 2693.250 ; gain = 0.000
Wrote PulsedLatchDB: Time (s): cpu = 00:00:00 ; elapsed = 00:00:00 . Memory (MB): peak = 2693.250 ; gain = 0.000
Writing XDEF routing.
Writing XDEF routing logical nets.
Writing XDEF routing special nets.
Wrote RouteStorage: Time (s): cpu = 00:00:00 ; elapsed = 00:00:00.117 . Memory (MB): peak = 2693.250 ; gain = 0.000
Wrote Netlist Cache: Time (s): cpu = 00:00:01 ; elapsed = 00:00:00.215 . Memory (MB): peak = 2693.250 ; gain = 0.000
Wrote Device Cache: Time (s): cpu = 00:00:00 ; elapsed = 00:00:00.007 . Memory (MB): peak = 2693.250 ; gain = 0.000
Write Physdb Complete: Time (s): cpu = 00:00:13 ; elapsed = 00:00:07 . Memory (MB): peak = 2693.250 ; gain = 0.000
INFO: [Common 17-1381] The checkpoint 'D:/code_projects/mpd/hw5/submit/aquila_ap/aquila_ap.runs/impl_1/soc_top_placed.dcp' has been generated.
write_checkpoint: Time (s): cpu = 00:00:16 ; elapsed = 00:00:10 . Memory (MB): peak = 2693.250 ; gain = 0.000
Command: phys_opt_design
Attempting to get a license for feature 'Implementation' and/or device 'xc7a100t'
INFO: [Common 17-349] Got license for feature 'Implementation' and/or device 'xc7a100t'

Starting Initial Update Timing Task

Time (s): cpu = 00:00:30 ; elapsed = 00:00:18 . Memory (MB): peak = 2693.250 ; gain = 0.000
INFO: [Vivado_Tcl 4-2279] Estimated Timing Summary | WNS= 0.773 | TNS= 0.000 | 
INFO: [Vivado_Tcl 4-383] Design worst setup slack (WNS) is greater than or equal to 0.000 ns. All physical synthesis setup optimizations will be skipped.
INFO: [Vivado_Tcl 4-232] No setup violation found. The netlist was not modified.
INFO: [Common 17-83] Releasing license: Implementation
96 Infos, 10 Warnings, 0 Critical Warnings and 0 Errors encountered.
phys_opt_design completed successfully
phys_opt_design: Time (s): cpu = 00:00:30 ; elapsed = 00:00:19 . Memory (MB): peak = 2693.250 ; gain = 0.000
INFO: [Timing 38-480] Writing timing data to binary archive.
Write ShapeDB Complete: Time (s): cpu = 00:00:01 ; elapsed = 00:00:00.249 . Memory (MB): peak = 2697.848 ; gain = 4.598
Wrote PlaceDB: Time (s): cpu = 00:00:13 ; elapsed = 00:00:07 . Memory (MB): peak = 2697.848 ; gain = 4.598
Wrote PulsedLatchDB: Time (s): cpu = 00:00:00 ; elapsed = 00:00:00 . Memory (MB): peak = 2697.848 ; gain = 0.000
Writing XDEF routing.
Writing XDEF routing logical nets.
Writing XDEF routing special nets.
Wrote RouteStorage: Time (s): cpu = 00:00:00 ; elapsed = 00:00:00.078 . Memory (MB): peak = 2697.848 ; gain = 0.000
Wrote Netlist Cache: Time (s): cpu = 00:00:00 ; elapsed = 00:00:00.189 . Memory (MB): peak = 2697.848 ; gain = 0.000
Wrote Device Cache: Time (s): cpu = 00:00:00 ; elapsed = 00:00:00.007 . Memory (MB): peak = 2697.848 ; gain = 0.000
Write Physdb Complete: Time (s): cpu = 00:00:13 ; elapsed = 00:00:08 . Memory (MB): peak = 2697.848 ; gain = 4.598
INFO: [Common 17-1381] The checkpoint 'D:/code_projects/mpd/hw5/submit/aquila_ap/aquila_ap.runs/impl_1/soc_top_physopt.dcp' has been generated.
write_checkpoint: Time (s): cpu = 00:00:15 ; elapsed = 00:00:10 . Memory (MB): peak = 2697.848 ; gain = 4.598
Command: route_design
Attempting to get a license for feature 'Implementation' and/or device 'xc7a100t'
INFO: [Common 17-349] Got license for feature 'Implementation' and/or device 'xc7a100t'


Starting Routing Task
INFO: [Route 35-254] Multithreading enabled for route_design using a maximum of 2 CPUs

Phase 1 Build RT Design
Checksum: PlaceDB: 479caa97 ConstDB: 0 ShapeSum: 4bfee3f3 RouteDB: b1d25f96
Post Restoration Checksum: NetGraph: adab6432 | NumContArr: 1963b5c4 | Constraints: c2a8fa9d | Timing: c2a8fa9d
Phase 1 Build RT Design | Checksum: 24c610f30

Time (s): cpu = 00:01:08 ; elapsed = 00:00:52 . Memory (MB): peak = 2799.543 ; gain = 101.695

Phase 2 Router Initialization

Phase 2.1 Fix Topology Constraints
Phase 2.1 Fix Topology Constraints | Checksum: 24c610f30

Time (s): cpu = 00:01:09 ; elapsed = 00:00:52 . Memory (MB): peak = 2799.543 ; gain = 101.695

Phase 2.2 Pre Route Cleanup
Phase 2.2 Pre Route Cleanup | Checksum: 24c610f30

Time (s): cpu = 00:01:09 ; elapsed = 00:00:53 . Memory (MB): peak = 2799.543 ; gain = 101.695

Phase 2.3 Update Timing
Phase 2.3 Update Timing | Checksum: 25631555a

Time (s): cpu = 00:01:50 ; elapsed = 00:01:18 . Memory (MB): peak = 2893.750 ; gain = 195.902
INFO: [Route 35-416] Intermediate Timing Summary | WNS=1.165  | TNS=0.000  | WHS=-1.340 | THS=-308.925|


Phase 2.4 Update Timing for Bus Skew

Phase 2.4.1 Update Timing
Phase 2.4.1 Update Timing | Checksum: 2ee1462d3

Time (s): cpu = 00:02:26 ; elapsed = 00:01:40 . Memory (MB): peak = 2948.840 ; gain = 250.992
INFO: [Route 35-416] Intermediate Timing Summary | WNS=1.165  | TNS=0.000  | WHS=-2.196 | THS=-32.247|

Phase 2.4 Update Timing for Bus Skew | Checksum: 2595aeb31

Time (s): cpu = 00:02:27 ; elapsed = 00:01:40 . Memory (MB): peak = 2948.840 ; gain = 250.992

Phase 2.5 Soft Constraint Pins - Fast Budgeting
Phase 2.5 Soft Constraint Pins - Fast Budgeting | Checksum: 2595aeb31

Time (s): cpu = 00:02:27 ; elapsed = 00:01:40 . Memory (MB): peak = 2970.469 ; gain = 272.621

Router Utilization Summary
  Global Vertical Routing Utilization    = 0 %
  Global Horizontal Routing Utilization  = 0 %
  Routable Net Status*
  *Does not include unroutable nets such as driverless and loadless.
  Run report_route_status for detailed report.
  Number of Failed Nets               = 75041
    (Failed Nets is the sum of unrouted and partially routed nets)
  Number of Unrouted Nets             = 75040
  Number of Partially Routed Nets     = 1
  Number of Node Overlaps             = 6

Phase 2 Router Initialization | Checksum: 2603fc5e4

Time (s): cpu = 00:02:28 ; elapsed = 00:01:41 . Memory (MB): peak = 2970.469 ; gain = 272.621

Phase 3 Global Routing
Phase 3 Global Routing | Checksum: 2603fc5e4

Time (s): cpu = 00:02:29 ; elapsed = 00:01:41 . Memory (MB): peak = 2970.469 ; gain = 272.621

Phase 4 Initial Routing

Phase 4.1 Initial Net Routing Pass
Phase 4.1 Initial Net Routing Pass | Checksum: 215b29988

Time (s): cpu = 00:03:24 ; elapsed = 00:02:11 . Memory (MB): peak = 3067.738 ; gain = 369.891
Phase 4 Initial Routing | Checksum: 215b29988

Time (s): cpu = 00:03:24 ; elapsed = 00:02:12 . Memory (MB): peak = 3067.738 ; gain = 369.891

Phase 5 Rip-up And Reroute

Phase 5.1 Global Iteration 0
